// Jest Snapshot v1, https://goo.gl/fbAQLP

exports[`<Header /> should match the snapshot 1`] = `
<nav
  className="navbar navbar-dark bg-primary"
>
  <div
    className="col-sm"
  />
  <div
    className="row col-sm d-flex justify-content-center text-white"
  >
    <span
      className="h3"
    >
      The Good Place
    </span>
  </div>
  <div
    className="row col-sm d-flex justify-content-end"
  />
</nav>
`;
